------------------------------------------------------------
Timing Analyzer Summary
------------------------------------------------------------

Type  : Slow 1100mV 85C Model Setup 'u1|sdram_pll_inst|altera_pll_i|general[0].gpll~PLL_OUTPUT_COUNTER|divclk'
Slack : -5.972
TNS   : -269.291

Type  : Slow 1100mV 85C Model Setup 'pll_inst|altera_pll_i|general[0].gpll~PLL_OUTPUT_COUNTER|divclk'
Slack : 30.167
TNS   : 0.000

Type  : Slow 1100mV 85C Model Hold 'u1|sdram_pll_inst|altera_pll_i|general[0].gpll~PLL_OUTPUT_COUNTER|divclk'
Slack : 0.314
TNS   : 0.000

Type  : Slow 1100mV 85C Model Hold 'pll_inst|altera_pll_i|general[0].gpll~PLL_OUTPUT_COUNTER|divclk'
Slack : 0.331
TNS   : 0.000

Type  : Slow 1100mV 85C Model Recovery 'u1|sdram_pll_inst|altera_pll_i|general[0].gpll~PLL_OUTPUT_COUNTER|divclk'
Slack : -5.917
TNS   : -430.226

Type  : Slow 1100mV 85C Model Recovery 'pll_inst|altera_pll_i|general[0].gpll~PLL_OUTPUT_COUNTER|divclk'
Slack : 28.394
TNS   : 0.000

Type  : Slow 1100mV 85C Model Removal 'u1|sdram_pll_inst|altera_pll_i|general[0].gpll~PLL_OUTPUT_COUNTER|divclk'
Slack : 1.193
TNS   : 0.000

Type  : Slow 1100mV 85C Model Removal 'pll_inst|altera_pll_i|general[0].gpll~PLL_OUTPUT_COUNTER|divclk'
Slack : 2.652
TNS   : 0.000

Type  : Slow 1100mV 85C Model Minimum Pulse Width 'u1|sdram_pll_inst|altera_pll_i|general[0].gpll~FRACTIONAL_PLL|vcoph[0]'
Slack : 0.555
TNS   : 0.000

Type  : Slow 1100mV 85C Model Minimum Pulse Width 'pll_inst|altera_pll_i|general[0].gpll~FRACTIONAL_PLL|vcoph[0]'
Slack : 0.925
TNS   : 0.000

Type  : Slow 1100mV 85C Model Minimum Pulse Width 'u1|sdram_pll_inst|altera_pll_i|general[0].gpll~PLL_OUTPUT_COUNTER|divclk'
Slack : 3.784
TNS   : 0.000

Type  : Slow 1100mV 85C Model Minimum Pulse Width 'clk_50m'
Slack : 9.900
TNS   : 0.000

Type  : Slow 1100mV 85C Model Minimum Pulse Width 'pll_inst|altera_pll_i|general[0].gpll~PLL_OUTPUT_COUNTER|divclk'
Slack : 17.296
TNS   : 0.000

Type  : Slow 1100mV 0C Model Setup 'u1|sdram_pll_inst|altera_pll_i|general[0].gpll~PLL_OUTPUT_COUNTER|divclk'
Slack : -5.513
TNS   : -249.269

Type  : Slow 1100mV 0C Model Setup 'pll_inst|altera_pll_i|general[0].gpll~PLL_OUTPUT_COUNTER|divclk'
Slack : 30.374
TNS   : 0.000

Type  : Slow 1100mV 0C Model Hold 'u1|sdram_pll_inst|altera_pll_i|general[0].gpll~PLL_OUTPUT_COUNTER|divclk'
Slack : 0.295
TNS   : 0.000

Type  : Slow 1100mV 0C Model Hold 'pll_inst|altera_pll_i|general[0].gpll~PLL_OUTPUT_COUNTER|divclk'
Slack : 0.311
TNS   : 0.000

Type  : Slow 1100mV 0C Model Recovery 'u1|sdram_pll_inst|altera_pll_i|general[0].gpll~PLL_OUTPUT_COUNTER|divclk'
Slack : -5.504
TNS   : -400.104

Type  : Slow 1100mV 0C Model Recovery 'pll_inst|altera_pll_i|general[0].gpll~PLL_OUTPUT_COUNTER|divclk'
Slack : 28.718
TNS   : 0.000

Type  : Slow 1100mV 0C Model Removal 'u1|sdram_pll_inst|altera_pll_i|general[0].gpll~PLL_OUTPUT_COUNTER|divclk'
Slack : 0.846
TNS   : 0.000

Type  : Slow 1100mV 0C Model Removal 'pll_inst|altera_pll_i|general[0].gpll~PLL_OUTPUT_COUNTER|divclk'
Slack : 2.436
TNS   : 0.000

Type  : Slow 1100mV 0C Model Minimum Pulse Width 'u1|sdram_pll_inst|altera_pll_i|general[0].gpll~FRACTIONAL_PLL|vcoph[0]'
Slack : 0.555
TNS   : 0.000

Type  : Slow 1100mV 0C Model Minimum Pulse Width 'pll_inst|altera_pll_i|general[0].gpll~FRACTIONAL_PLL|vcoph[0]'
Slack : 0.925
TNS   : 0.000

Type  : Slow 1100mV 0C Model Minimum Pulse Width 'u1|sdram_pll_inst|altera_pll_i|general[0].gpll~PLL_OUTPUT_COUNTER|divclk'
Slack : 3.757
TNS   : 0.000

Type  : Slow 1100mV 0C Model Minimum Pulse Width 'clk_50m'
Slack : 9.926
TNS   : 0.000

Type  : Slow 1100mV 0C Model Minimum Pulse Width 'pll_inst|altera_pll_i|general[0].gpll~PLL_OUTPUT_COUNTER|divclk'
Slack : 17.281
TNS   : 0.000

Type  : Fast 1100mV 85C Model Setup 'u1|sdram_pll_inst|altera_pll_i|general[0].gpll~PLL_OUTPUT_COUNTER|divclk'
Slack : -4.155
TNS   : -183.148

Type  : Fast 1100mV 85C Model Setup 'pll_inst|altera_pll_i|general[0].gpll~PLL_OUTPUT_COUNTER|divclk'
Slack : 32.045
TNS   : 0.000

Type  : Fast 1100mV 85C Model Hold 'pll_inst|altera_pll_i|general[0].gpll~PLL_OUTPUT_COUNTER|divclk'
Slack : 0.167
TNS   : 0.000

Type  : Fast 1100mV 85C Model Hold 'u1|sdram_pll_inst|altera_pll_i|general[0].gpll~PLL_OUTPUT_COUNTER|divclk'
Slack : 0.177
TNS   : 0.000

Type  : Fast 1100mV 85C Model Recovery 'u1|sdram_pll_inst|altera_pll_i|general[0].gpll~PLL_OUTPUT_COUNTER|divclk'
Slack : -4.263
TNS   : -308.829

Type  : Fast 1100mV 85C Model Recovery 'pll_inst|altera_pll_i|general[0].gpll~PLL_OUTPUT_COUNTER|divclk'
Slack : 31.094
TNS   : 0.000

Type  : Fast 1100mV 85C Model Removal 'u1|sdram_pll_inst|altera_pll_i|general[0].gpll~PLL_OUTPUT_COUNTER|divclk'
Slack : 0.907
TNS   : 0.000

Type  : Fast 1100mV 85C Model Removal 'pll_inst|altera_pll_i|general[0].gpll~PLL_OUTPUT_COUNTER|divclk'
Slack : 1.633
TNS   : 0.000

Type  : Fast 1100mV 85C Model Minimum Pulse Width 'u1|sdram_pll_inst|altera_pll_i|general[0].gpll~FRACTIONAL_PLL|vcoph[0]'
Slack : 0.555
TNS   : 0.000

Type  : Fast 1100mV 85C Model Minimum Pulse Width 'pll_inst|altera_pll_i|general[0].gpll~FRACTIONAL_PLL|vcoph[0]'
Slack : 0.925
TNS   : 0.000

Type  : Fast 1100mV 85C Model Minimum Pulse Width 'u1|sdram_pll_inst|altera_pll_i|general[0].gpll~PLL_OUTPUT_COUNTER|divclk'
Slack : 3.888
TNS   : 0.000

Type  : Fast 1100mV 85C Model Minimum Pulse Width 'clk_50m'
Slack : 9.643
TNS   : 0.000

Type  : Fast 1100mV 85C Model Minimum Pulse Width 'pll_inst|altera_pll_i|general[0].gpll~PLL_OUTPUT_COUNTER|divclk'
Slack : 17.409
TNS   : 0.000

Type  : Fast 1100mV 0C Model Setup 'u1|sdram_pll_inst|altera_pll_i|general[0].gpll~PLL_OUTPUT_COUNTER|divclk'
Slack : -3.412
TNS   : -150.663

Type  : Fast 1100mV 0C Model Setup 'pll_inst|altera_pll_i|general[0].gpll~PLL_OUTPUT_COUNTER|divclk'
Slack : 32.614
TNS   : 0.000

Type  : Fast 1100mV 0C Model Hold 'pll_inst|altera_pll_i|general[0].gpll~PLL_OUTPUT_COUNTER|divclk'
Slack : 0.143
TNS   : 0.000

Type  : Fast 1100mV 0C Model Hold 'u1|sdram_pll_inst|altera_pll_i|general[0].gpll~PLL_OUTPUT_COUNTER|divclk'
Slack : 0.165
TNS   : 0.000

Type  : Fast 1100mV 0C Model Recovery 'u1|sdram_pll_inst|altera_pll_i|general[0].gpll~PLL_OUTPUT_COUNTER|divclk'
Slack : -3.507
TNS   : -253.112

Type  : Fast 1100mV 0C Model Recovery 'pll_inst|altera_pll_i|general[0].gpll~PLL_OUTPUT_COUNTER|divclk'
Slack : 31.823
TNS   : 0.000

Type  : Fast 1100mV 0C Model Removal 'u1|sdram_pll_inst|altera_pll_i|general[0].gpll~PLL_OUTPUT_COUNTER|divclk'
Slack : 0.518
TNS   : 0.000

Type  : Fast 1100mV 0C Model Removal 'pll_inst|altera_pll_i|general[0].gpll~PLL_OUTPUT_COUNTER|divclk'
Slack : 1.411
TNS   : 0.000

Type  : Fast 1100mV 0C Model Minimum Pulse Width 'u1|sdram_pll_inst|altera_pll_i|general[0].gpll~FRACTIONAL_PLL|vcoph[0]'
Slack : 0.555
TNS   : 0.000

Type  : Fast 1100mV 0C Model Minimum Pulse Width 'pll_inst|altera_pll_i|general[0].gpll~FRACTIONAL_PLL|vcoph[0]'
Slack : 0.925
TNS   : 0.000

Type  : Fast 1100mV 0C Model Minimum Pulse Width 'u1|sdram_pll_inst|altera_pll_i|general[0].gpll~PLL_OUTPUT_COUNTER|divclk'
Slack : 3.891
TNS   : 0.000

Type  : Fast 1100mV 0C Model Minimum Pulse Width 'clk_50m'
Slack : 9.632
TNS   : 0.000

Type  : Fast 1100mV 0C Model Minimum Pulse Width 'pll_inst|altera_pll_i|general[0].gpll~PLL_OUTPUT_COUNTER|divclk'
Slack : 17.408
TNS   : 0.000

------------------------------------------------------------
